---
source: crates/mlkc-mir-build/tests/project_spec.rs
expression: snapshot
---
## `project::data`

### MIR

`fun hidden`

CFG form:

```
fun hidden (entry b0)
  b0:
    l0 = const 1
    return l0
```

SSA form:

```
fun hidden (entry b0)
  b0:
    v0 = const 1
    return v0
```

## `project::main`

### MIR

`fun call`

Not lowered: the front end reported a mistake.

`fun make`

Not lowered: the front end reported a mistake.

`fun gone`

Not lowered: the front end reported a mistake.
