---
source: crates/mlkc-mir-build/tests/project_spec.rs
expression: snapshot
---
## `project::main`

### MIR

`fun helper`

CFG form:

```
fun helper (entry b0)
  b0:
    l0 = const 1
    return l0
```

SSA form:

```
fun helper (entry b0)
  b0:
    v0 = const 1
    return v0
```

`fun parameter`

CFG form:

```
fun parameter (entry b0)
  params: v0: {error}
  b0:
    l0(value) = use v0
    l1 = use l0
    return l1
```

SSA form:

```
fun parameter (entry b0)
  params: v0: {error}
  b0:
    return v0
```

`fun inferred`

CFG form:

```
fun inferred (entry b0)
  params: v0: {error}
  b0:
    l0(value) = use v0
    l1 = use l0
    return l1
```

SSA form:

```
fun inferred (entry b0)
  params: v0: {error}
  b0:
    return v0
```

`fun shown`

CFG form:

```
fun shown (entry b0)
  params: v0: Int
  b0:
    l0(value) = use v0
    l1 = use l0
    return l1
```

SSA form:

```
fun shown (entry b0)
  params: v0: Int
  b0:
    return v0
```
