---
source: crates/mlkc-resolve/tests/project_spec.rs
expression: snapshot
---
## `project::main`

### Resolution

```
SCOPE
  one
    value: fun one in module #3 (private)
  takes
    value: fun takes in module #3 (private)
  wrong-argument
    value: fun wrong-argument in module #3 (private)
  wrong-arity
    value: fun wrong-arity in module #3 (private)
  extra-argument
    value: fun extra-argument in module #3 (private)
  not-callable
    value: fun not-callable in module #3 (private)
  applied
    value: fun applied in module #3 (private)
  no-equality
    value: fun no-equality in module #3 (private)
  condition-not-a-bool
    value: fun condition-not-a-bool in module #3 (private)
  branch-of-another-type
    value: fun branch-of-another-type in module #3 (private)
  arm-of-another-type
    value: fun arm-of-another-type in module #3 (private)
  Int
    ty: type Int in module #0 (private)
  Unit
    ty: type Unit in module #0 (private)
  String
    ty: type String in module #0 (private)
  Bool
    ty: type Bool in module #0 (private)
  print-int
    value: fun print-int in module #2 (private)
  print-bool
    value: fun print-bool in module #2 (private)
```
