---
source: crates/mlkc-lir-wasm/tests/project_spec.rs
expression: snapshot
---
## `project::main`

`fun pick`

pick:
```
lir (entry b0) ret (ref i31)
  params: v0: (ref i31)
  locals: 1: (ref i31)
  b0:
    v2 = i31.get_s v0
    branch v2 -> b1, b2
  b1:
    v5 = i32.const 1
    v6 = ref.i31 v5
    goto b3(v6)
  b2:
    v3 = i32.const 2
    v4 = ref.i31 v3
    goto b3(v4)
  b3(v1(local 1): (ref i31)):
    return v1
```

Structure:

```
  block b3:
    leaf b0
    if v2:
      leaf b1
      params b3(v6)
      br 1 -> b3
    else:
      leaf b2
      params b3(v4)
      br 1 -> b3
  leaf b3
  return v1
```

`fun ordered`

ordered:
```
lir (entry b0) ret (ref i31)
  params: v0: (ref i31), v1: (ref i31)
  locals: 2: (ref i31)
  b0:
    v3 = i31.get_s v0
    branch v3 -> b1, b2
  b1:
    v9 = i32.const 1
    v10 = ref.i31 v9
    goto b5(v10)
  b2:
    v4 = i31.get_s v1
    branch v4 -> b3, b4
  b3:
    v7 = i32.const 2
    v8 = ref.i31 v7
    goto b5(v8)
  b4:
    v5 = i32.const 3
    v6 = ref.i31 v5
    goto b5(v6)
  b5(v2(local 2): (ref i31)):
    return v2
```

Structure:

```
  block b5:
    leaf b0
    if v3:
      leaf b1
      params b5(v10)
      br 1 -> b5
    else:
      leaf b2
      if v4:
        leaf b3
        params b5(v8)
        br 2 -> b5
      else:
        leaf b4
        params b5(v6)
        br 2 -> b5
  leaf b5
  return v2
```

`fun where_a_value_belongs`

where_a_value_belongs:
```
lir (entry b0) ret (ref i31)
  params: v0: (ref i31)
  locals: 1: (ref i31)
  b0:
    v2 = i31.get_s v0
    branch v2 -> b1, b2
  b1:
    v5 = i32.const 1
    v6 = ref.i31 v5
    goto b3(v6)
  b2:
    v3 = i32.const 2
    v4 = ref.i31 v3
    goto b3(v4)
  b3(v1(local 1): (ref i31)):
    v7 = i32.const 3
    v8 = i31.get_s v1
    v9 = i32.add v8, v7
    v10 = ref.i31 v9
    return v10
```

Structure:

```
  block b3:
    leaf b0
    if v2:
      leaf b1
      params b3(v6)
      br 1 -> b3
    else:
      leaf b2
      params b3(v4)
      br 1 -> b3
  leaf b3
  return v10
```

`fun through_a_let`

through_a_let:
```
lir (entry b0) ret (ref i31)
  params: v0: (ref i31)
  locals: 1: (ref i31)
  b0:
    v2 = i31.get_s v0
    branch v2 -> b1, b2
  b1:
    v5 = i32.const 1
    v6 = ref.i31 v5
    goto b3(v6)
  b2:
    v3 = i32.const 2
    v4 = ref.i31 v3
    goto b3(v4)
  b3(v1(local 1): (ref i31)):
    v7 = i32.const 3
    v8 = i31.get_s v1
    v9 = i32.add v8, v7
    v10 = ref.i31 v9
    return v10
```

Structure:

```
  block b3:
    leaf b0
    if v2:
      leaf b1
      params b3(v6)
      br 1 -> b3
    else:
      leaf b2
      params b3(v4)
      br 1 -> b3
  leaf b3
  return v10
```

`fun log`

log:
```
lir (entry b0) ret (ref i31)
  params: v0: (ref i31)
  locals: 1: (ref i31)
  b0:
    v2 = i31.get_s v0
    branch v2 -> b1, b2
  b1:
    v5 = call $4(v0)
    goto b3(v5)
  b2:
    v3 = i32.const 0
    v4 = ref.i31 v3
    goto b3(v4)
  b3(v1(local 1): (ref i31)):
    return v1
```

Structure:

```
  block b3:
    leaf b0
    if v2:
      leaf b1
      params b3(v5)
      br 1 -> b3
    else:
      leaf b2
      params b3(v4)
      br 1 -> b3
  leaf b3
  return v1
```

`fun log_ordered`

log_ordered:
```
lir (entry b0) ret (ref i31)
  params: v0: (ref i31), v1: (ref i31)
  locals: 2: (ref i31)
  b0:
    v3 = i31.get_s v0
    branch v3 -> b1, b2
  b1:
    v8 = call $4(v0)
    goto b5(v8)
  b2:
    v4 = i31.get_s v1
    branch v4 -> b3, b4
  b3:
    v7 = call $4(v1)
    goto b5(v7)
  b4:
    v5 = i32.const 0
    v6 = ref.i31 v5
    goto b5(v6)
  b5(v2(local 2): (ref i31)):
    return v2
```

Structure:

```
  block b5:
    leaf b0
    if v3:
      leaf b1
      params b5(v8)
      br 1 -> b5
    else:
      leaf b2
      if v4:
        leaf b3
        params b5(v7)
        br 2 -> b5
      else:
        leaf b4
        params b5(v6)
        br 2 -> b5
  leaf b5
  return v2
```
