---
source: crates/mlkc-codegen-wasm/tests/wasm_specs.rs
expression: snapshot
---
```wat
(module $app::main
  (type (;0;) (func (param (ref i31)) (result (ref i31))))
  (type (;1;) (func (param (ref i31) (ref i31)) (result (ref i31))))
  (export "pick" (func $pick))
  (export "ordered" (func $ordered))
  (export "where_a_value_belongs" (func $where_a_value_belongs))
  (export "through_a_let" (func $through_a_let))
  (export "log" (func $log))
  (export "log_ordered" (func $log_ordered))
  (func $pick (;0;) (type 0) (param $flag (ref i31)) (result (ref i31))
    (local (ref i31))
    i32.const 0
    ref.i31
    local.set 1
    block ;; label = @1
      local.get $flag
      i31.get_s
      if ;; label = @2
        i32.const 1
        ref.i31
        local.set 1
        br 1 (;@1;)
      else
        i32.const 2
        ref.i31
        local.set 1
        br 1 (;@1;)
      end
    end
    local.get 1
    return
  )
  (func $ordered (;1;) (type 1) (param $low (ref i31)) (param $high (ref i31)) (result (ref i31))
    (local (ref i31))
    i32.const 0
    ref.i31
    local.set 2
    block ;; label = @1
      local.get $low
      i31.get_s
      if ;; label = @2
        i32.const 1
        ref.i31
        local.set 2
        br 1 (;@1;)
      else
        local.get $high
        i31.get_s
        if ;; label = @3
          i32.const 2
          ref.i31
          local.set 2
          br 2 (;@1;)
        else
          i32.const 3
          ref.i31
          local.set 2
          br 2 (;@1;)
        end
      end
    end
    local.get 2
    return
  )
  (func $where_a_value_belongs (;2;) (type 0) (param $flag (ref i31)) (result (ref i31))
    (local (ref i31))
    i32.const 0
    ref.i31
    local.set 1
    block ;; label = @1
      local.get $flag
      i31.get_s
      if ;; label = @2
        i32.const 1
        ref.i31
        local.set 1
        br 1 (;@1;)
      else
        i32.const 2
        ref.i31
        local.set 1
        br 1 (;@1;)
      end
    end
    local.get 1
    i31.get_s
    i32.const 3
    i32.add
    ref.i31
    return
  )
  (func $through_a_let (;3;) (type 0) (param $flag (ref i31)) (result (ref i31))
    (local (ref i31))
    i32.const 0
    ref.i31
    local.set 1
    block ;; label = @1
      local.get $flag
      i31.get_s
      if ;; label = @2
        i32.const 1
        ref.i31
        local.set 1
        br 1 (;@1;)
      else
        i32.const 2
        ref.i31
        local.set 1
        br 1 (;@1;)
      end
    end
    local.get 1
    i31.get_s
    i32.const 3
    i32.add
    ref.i31
    return
  )
  (func $log (;4;) (type 0) (param $flag (ref i31)) (result (ref i31))
    (local (ref i31))
    i32.const 0
    ref.i31
    local.set 1
    block ;; label = @1
      local.get $flag
      i31.get_s
      if ;; label = @2
        local.get $flag
        call $log
        local.set 1
        br 1 (;@1;)
      else
        i32.const 0
        ref.i31
        local.set 1
        br 1 (;@1;)
      end
    end
    local.get 1
    return
  )
  (func $log_ordered (;5;) (type 1) (param $low (ref i31)) (param $high (ref i31)) (result (ref i31))
    (local (ref i31))
    i32.const 0
    ref.i31
    local.set 2
    block ;; label = @1
      local.get $low
      i31.get_s
      if ;; label = @2
        local.get $low
        call $log
        local.set 2
        br 1 (;@1;)
      else
        local.get $high
        i31.get_s
        if ;; label = @3
          local.get $high
          call $log
          local.set 2
          br 2 (;@1;)
        else
          i32.const 0
          ref.i31
          local.set 2
          br 2 (;@1;)
        end
      end
    end
    local.get 2
    return
  )
)
```
