---
source: crates/mlkc-lower/tests/spec_test.rs
expression: snapshot
---
## Input

```mlk
// Bindings: nested, ignored, and bound to the result of a call.

@builtin
type Int

fun nested(): Int =
    let x = 1 in
    let y = 2 in
    x + y

fun ignored(): Int =
    let _ = 1 in
    2

fun bound_to_a_call(): Int =
    let x = f(1) in
    g(x, x)

fun shadows_a_parameter(x: Int): Int =
    let x = x + 1 in
    x

```

## Item Tree

```
MODULE #0

ITEM TREE
  type Int  @2.0
    attributes: @builtin
    visibility: private
  fun nested  @2.1
    visibility: private
    ret: Int -> type Int
  fun ignored  @2.2
    visibility: private
    ret: Int -> type Int
  fun bound_to_a_call  @2.3
    visibility: private
    ret: Int -> type Int
  fun shadows_a_parameter  @2.4
    visibility: private
    param: Int -> type Int
    ret: Int -> type Int
  use Int  prelude
    path: std.prelude.Int
    visibility: private
  use Unit  prelude
    path: std.prelude.Unit
    visibility: private
```

## Bodies

```
BODY fun nested in module #0

root expr#6
exprs
  expr#0  literal 1
  expr#1  literal 2
  expr#2  path path#0
  expr#3  path path#1
  expr#4  binary expr#2 + expr#3
  expr#5  let pat#1 = expr#1 in expr#4
  expr#6  let pat#0 = expr#0 in expr#5
pats
  pat#0  bind x
  pat#1  bind y
paths
  path#0  x -> binding pat#0
  path#1  y -> binding pat#1
```

```
BODY fun ignored in module #0

root expr#2
exprs
  expr#0  literal 1
  expr#1  literal 2
  expr#2  let pat#0 = expr#0 in expr#1
pats
  pat#0  _
```

```
BODY fun bound_to_a_call in module #0

root expr#7
exprs
  expr#0  path path#0
  expr#1  literal 1
  expr#2  call expr#0 (expr#1)
  expr#3  path path#1
  expr#4  path path#2
  expr#5  path path#3
  expr#6  call expr#3 (expr#4, expr#5)
  expr#7  let pat#0 = expr#2 in expr#6
pats
  pat#0  bind x
paths
  path#0  f -> unresolved
  path#1  g -> unresolved
  path#2  x -> binding pat#0
  path#3  x -> binding pat#0
```

```
BODY fun shadows_a_parameter in module #0

root expr#4
params
  pat#0
exprs
  expr#0  path path#0
  expr#1  literal 1
  expr#2  binary expr#0 + expr#1
  expr#3  path path#1
  expr#4  let pat#1 = expr#2 in expr#3
pats
  pat#0  bind x
  pat#1  bind x
paths
  path#0  x -> binding pat#0
  path#1  x -> binding pat#1
```

## Lowering Diagnostics

No diagnostics.

## Parse Diagnostics

No diagnostics.
