---
source: crates/mlkc-lower/tests/spec_test.rs
expression: snapshot
---
## Input

```mlk
// The shape of a literal: an integer, a string, a truth value, and a subtraction, which is an
// operator rather than the sign of a number. What a string holds is what its escapes decode
// to.

#[builtin]
type Int

#[builtin]
type String

#[builtin]
type Bool

fun positive(): Int =
    42

fun text(): String =
    "hello"

fun escaped(): String =
    "a \"quote\", a \\ backslash, a line break \n, and a tab \t"

fun truth(): Bool =
    true

fun untruth(): Bool =
    false

fun subtracted(): Int =
    1 - 2

```

## Item Tree

```
MODULE #0 project::literals

ITEM TREE
  type Int  @2.0
    attributes: #[builtin]
    visibility: private
  type String  @2.1
    attributes: #[builtin]
    visibility: private
  type Bool  @2.2
    attributes: #[builtin]
    visibility: private
  fun positive  @2.3
    visibility: private
    ret: Int -> type Int
  fun text  @2.4
    visibility: private
    ret: String -> type String
  fun escaped  @2.5
    visibility: private
    ret: String -> type String
  fun truth  @2.6
    visibility: private
    ret: Bool -> type Bool
  fun untruth  @2.7
    visibility: private
    ret: Bool -> type Bool
  fun subtracted  @2.8
    visibility: private
    ret: Int -> type Int
  use Int  prelude
    path: std::prelude::Int
    visibility: private
  use Unit  prelude
    path: std::prelude::Unit
    visibility: private
  use String  prelude
    path: std::prelude::String
    visibility: private
  use Bool  prelude
    path: std::prelude::Bool
    visibility: private
  use print-int  prelude
    path: std::prelude::print-int
    visibility: private
  use print-bool  prelude
    path: std::prelude::print-bool
    visibility: private
```

## Bodies

```
BODY fun positive in module #0

root expr#0
exprs
  expr#0  literal 42
```

```
BODY fun text in module #0

root expr#0
exprs
  expr#0  literal "hello"
```

```
BODY fun escaped in module #0

root expr#0
exprs
  expr#0  literal "a \"quote\", a \\ backslash, a line break \n, and a tab \t"
```

```
BODY fun truth in module #0

root expr#0
exprs
  expr#0  literal true
```

```
BODY fun untruth in module #0

root expr#0
exprs
  expr#0  literal false
```

```
BODY fun subtracted in module #0

root expr#2
exprs
  expr#0  literal 1
  expr#1  literal 2
  expr#2  binary expr#0 - expr#1
```

## Lowering Diagnostics

No diagnostics.

## Parse Diagnostics

No diagnostics.
