---
source: crates/mlkc-lower/tests/spec_test.rs
expression: snapshot
---
## Input

```mlk
// A module that refuses the prelude of its project: what it does not declare itself is a name
// nothing knows, and no import of the prelude is brought in.

@no-prelude
module project.main-module

fun main(): Int =
    1

```

## Item Tree

```
MODULE #0 project.main-module  @no-prelude

ITEM TREE
  fun main  @2.0
    visibility: private
    ret: Int -> unresolved
```

## Bodies

```
BODY fun main in module #0

root expr#0
exprs
  expr#0  literal 1
```

## Lowering Diagnostics

No diagnostics.

## Parse Diagnostics

No diagnostics.
