---
source: crates/mlkc-lower/tests/spec_test.rs
expression: snapshot
---
## Input

```mlk
// The path a module declares itself as, which is what its project knows it by.

module my-proj.main-module

fun main(): Int =
    1

```

## Item Tree

```
MODULE #0 my-proj.main-module

ITEM TREE
  fun main  @2.0
    visibility: private
    ret: Int -> unresolved
```

## Bodies

```
BODY fun main in module #0

root expr#0
exprs
  expr#0  literal 1
```

## Lowering Diagnostics

No diagnostics.

## Parse Diagnostics

No diagnostics.
