---
source: crates/mlkc-lower/tests/spec_test.rs
expression: snapshot
---
## Input

```mlk
// Paths of types, qualified and applied to type arguments, and the types a module leaves to
// be inferred.

fun qualified(value: std.core.Int): Unit =
    value

fun applied(value: Map[Int, String]): Unit =
    value

fun applied_and_qualified(value: std.Map[Int, String,]): Unit =
    value

fun applied_to_a_qualified_path(value: std.core.Map[Int, String]): Unit =
    value

// A name read inside the type a path applies an argument to: the argument is written at the
// root of the path, and what follows it is read inside the type it makes.
fun applied_and_read_inside(value: Map[Int].Entry): Unit =
    value

fun inferred(value: _): _ =
    value

```

## Item Tree

```
MODULE #0

ITEM TREE
  fun qualified  @2.0
    visibility: private
    param: std.core.Int -> unresolved
    ret: Unit -> use Unit
  fun applied  @2.1
    visibility: private
    param: Map[Int -> use Int, String -> unresolved] -> unresolved
    ret: Unit -> use Unit
  fun applied_and_qualified  @2.2
    visibility: private
    param: std.Map[Int -> use Int, String -> unresolved] -> unresolved
    ret: Unit -> use Unit
  fun applied_to_a_qualified_path  @2.3
    visibility: private
    param: std.core.Map[Int -> use Int, String -> unresolved] -> unresolved
    ret: Unit -> use Unit
  fun applied_and_read_inside  @2.4
    visibility: private
    param: Map[Int -> use Int].Entry -> unresolved
    ret: Unit -> use Unit
  fun inferred  @2.5
    visibility: private
    param: _
    ret: _
  use Int  prelude
    path: std.prelude.Int
    visibility: private
  use Unit  prelude
    path: std.prelude.Unit
    visibility: private
```

## Bodies

```
BODY fun qualified in module #0

root expr#0
params
  pat#0
exprs
  expr#0  path path#0
pats
  pat#0  bind value
paths
  path#0  value -> binding pat#0
```

```
BODY fun applied in module #0

root expr#0
params
  pat#0
exprs
  expr#0  path path#0
pats
  pat#0  bind value
paths
  path#0  value -> binding pat#0
```

```
BODY fun applied_and_qualified in module #0

root expr#0
params
  pat#0
exprs
  expr#0  path path#0
pats
  pat#0  bind value
paths
  path#0  value -> binding pat#0
```

```
BODY fun applied_to_a_qualified_path in module #0

root expr#0
params
  pat#0
exprs
  expr#0  path path#0
pats
  pat#0  bind value
paths
  path#0  value -> binding pat#0
```

```
BODY fun applied_and_read_inside in module #0

root expr#0
params
  pat#0
exprs
  expr#0  path path#0
pats
  pat#0  bind value
paths
  path#0  value -> binding pat#0
```

```
BODY fun inferred in module #0

root expr#0
params
  pat#0
exprs
  expr#0  path path#0
pats
  pat#0  bind value
paths
  path#0  value -> binding pat#0
```

## Lowering Diagnostics

No diagnostics.

## Parse Diagnostics

No diagnostics.
