---
source: crates/mlkc-lower/tests/spec_test.rs
expression: snapshot
---
## Input

```mlk
// How far a declaration is visible: `pub` in front of the keyword, after the attributes a
// declaration carries, or nothing at all.

pub type Int

@builtin
pub type Unit

@extern
fun println-int(value: Int): Unit

pub fun size(value: Int): Int =
    value

fun private(value: Int): Int =
    value

```

## Item Tree

```
MODULE #0

ITEM TREE
  type Int  @2.0
    visibility: public
  type Unit  @2.1
    attributes: @builtin
    visibility: public
  fun println-int  @2.2
    attributes: @extern
    visibility: private
    param: Int -> type Int
    ret: Unit -> type Unit
  fun size  @2.3
    visibility: public
    param: Int -> type Int
    ret: Int -> type Int
  fun private  @2.4
    visibility: private
    param: Int -> type Int
    ret: Int -> type Int
  use Int  prelude
    path: std.prelude.Int
    visibility: private
  use Unit  prelude
    path: std.prelude.Unit
    visibility: private
```

## Bodies

```
BODY fun size in module #0

root expr#0
params
  pat#0
exprs
  expr#0  path path#0
pats
  pat#0  bind value
paths
  path#0  value -> binding pat#0
```

```
BODY fun private in module #0

root expr#0
params
  pat#0
exprs
  expr#0  path path#0
pats
  pat#0  bind value
paths
  path#0  value -> binding pat#0
```

## Lowering Diagnostics

No diagnostics.

## Parse Diagnostics

No diagnostics.
