---
source: crates/mlkc-parser/tests/spec_test.rs
expression: snapshot
---
## Input

```mlk
fun inferred(value: _): _ =
    value

fun applied(value: Map[_, Int]): Unit =
    value

```

## AST

```
ModuleRoot {
    bom_token: missing (optional),
    preamble: missing (optional),
    items: ModuleItemList [
        FunDecl {
            attributes: AttributeList [],
            visibility_token: missing (optional),
            fun_token: FUN_KW@0..4 "fun" [] [Whitespace(" ")],
            name: Name {
                value_token: IDENT@4..12 "inferred" [] [],
            },
            parameters: Parameters {
                l_paren_token: L_PAREN@12..13 "(" [] [],
                items: ParameterList [
                    Parameter {
                        pat: IdentPat {
                            name: Name {
                                value_token: IDENT@13..18 "value" [] [],
                            },
                        },
                        type_annotation: TypeAnnotation {
                            colon_token: COLON@18..20 ":" [] [Whitespace(" ")],
                            ty: InferType {
                                underscore_token: UNDERSCORE@20..21 "_" [] [],
                            },
                        },
                    },
                ],
                r_paren_token: R_PAREN@21..22 ")" [] [],
            },
            return_type_annotation: FunReturnTypeAnnotation {
                colon_token: COLON@22..24 ":" [] [Whitespace(" ")],
                return_type: InferType {
                    underscore_token: UNDERSCORE@24..26 "_" [] [Whitespace(" ")],
                },
            },
            body: FunBody {
                eq_token: EQ@26..27 "=" [] [],
                expr: PathExpr {
                    path: Path {
                        qualifier: missing (optional),
                        segment: PathSegment {
                            name: Name {
                                value_token: IDENT@27..37 "value" [Newline("\n"), Whitespace("    ")] [],
                            },
                            type_args: missing (optional),
                        },
                    },
                },
            },
        },
        FunDecl {
            attributes: AttributeList [],
            visibility_token: missing (optional),
            fun_token: FUN_KW@37..43 "fun" [Newline("\n"), Newline("\n")] [Whitespace(" ")],
            name: Name {
                value_token: IDENT@43..50 "applied" [] [],
            },
            parameters: Parameters {
                l_paren_token: L_PAREN@50..51 "(" [] [],
                items: ParameterList [
                    Parameter {
                        pat: IdentPat {
                            name: Name {
                                value_token: IDENT@51..56 "value" [] [],
                            },
                        },
                        type_annotation: TypeAnnotation {
                            colon_token: COLON@56..58 ":" [] [Whitespace(" ")],
                            ty: PathType {
                                path: Path {
                                    qualifier: missing (optional),
                                    segment: PathSegment {
                                        name: Name {
                                            value_token: IDENT@58..61 "Map" [] [],
                                        },
                                        type_args: TypeArgs {
                                            l_brack_token: L_BRACK@61..62 "[" [] [],
                                            type_arg_list: TypeArgList [
                                                InferType {
                                                    underscore_token: UNDERSCORE@62..63 "_" [] [],
                                                },
                                                COMMA@63..65 "," [] [Whitespace(" ")],
                                                PathType {
                                                    path: Path {
                                                        qualifier: missing (optional),
                                                        segment: PathSegment {
                                                            name: Name {
                                                                value_token: IDENT@65..68 "Int" [] [],
                                                            },
                                                            type_args: missing (optional),
                                                        },
                                                    },
                                                },
                                            ],
                                            r_brack_token: R_BRACK@68..69 "]" [] [],
                                        },
                                    },
                                },
                            },
                        },
                    },
                ],
                r_paren_token: R_PAREN@69..70 ")" [] [],
            },
            return_type_annotation: FunReturnTypeAnnotation {
                colon_token: COLON@70..72 ":" [] [Whitespace(" ")],
                return_type: PathType {
                    path: Path {
                        qualifier: missing (optional),
                        segment: PathSegment {
                            name: Name {
                                value_token: IDENT@72..77 "Unit" [] [Whitespace(" ")],
                            },
                            type_args: missing (optional),
                        },
                    },
                },
            },
            body: FunBody {
                eq_token: EQ@77..78 "=" [] [],
                expr: PathExpr {
                    path: Path {
                        qualifier: missing (optional),
                        segment: PathSegment {
                            name: Name {
                                value_token: IDENT@78..88 "value" [Newline("\n"), Whitespace("    ")] [],
                            },
                            type_args: missing (optional),
                        },
                    },
                },
            },
        },
    ],
    eof_token: EOF@88..89 "" [Newline("\n")] [],
}
```

## CST

```
0: MODULE_ROOT@0..89
  0: (empty)
  1: (empty)
  2: MODULE_ITEM_LIST@0..88
    0: FUN_DECL@0..37
      0: ATTRIBUTE_LIST@0..0
      1: (empty)
      2: FUN_KW@0..4 "fun" [] [Whitespace(" ")]
      3: NAME@4..12
        0: IDENT@4..12 "inferred" [] []
      4: PARAMETERS@12..22
        0: L_PAREN@12..13 "(" [] []
        1: PARAMETER_LIST@13..21
          0: PARAMETER@13..21
            0: IDENT_PAT@13..18
              0: NAME@13..18
                0: IDENT@13..18 "value" [] []
            1: TYPE_ANNOTATION@18..21
              0: COLON@18..20 ":" [] [Whitespace(" ")]
              1: INFER_TYPE@20..21
                0: UNDERSCORE@20..21 "_" [] []
        2: R_PAREN@21..22 ")" [] []
      5: FUN_RETURN_TYPE_ANNOTATION@22..26
        0: COLON@22..24 ":" [] [Whitespace(" ")]
        1: INFER_TYPE@24..26
          0: UNDERSCORE@24..26 "_" [] [Whitespace(" ")]
      6: FUN_BODY@26..37
        0: EQ@26..27 "=" [] []
        1: PATH_EXPR@27..37
          0: PATH@27..37
            0: (empty)
            1: PATH_SEGMENT@27..37
              0: NAME@27..37
                0: IDENT@27..37 "value" [Newline("\n"), Whitespace("    ")] []
              1: (empty)
    1: FUN_DECL@37..88
      0: ATTRIBUTE_LIST@37..37
      1: (empty)
      2: FUN_KW@37..43 "fun" [Newline("\n"), Newline("\n")] [Whitespace(" ")]
      3: NAME@43..50
        0: IDENT@43..50 "applied" [] []
      4: PARAMETERS@50..70
        0: L_PAREN@50..51 "(" [] []
        1: PARAMETER_LIST@51..69
          0: PARAMETER@51..69
            0: IDENT_PAT@51..56
              0: NAME@51..56
                0: IDENT@51..56 "value" [] []
            1: TYPE_ANNOTATION@56..69
              0: COLON@56..58 ":" [] [Whitespace(" ")]
              1: PATH_TYPE@58..69
                0: PATH@58..69
                  0: (empty)
                  1: PATH_SEGMENT@58..69
                    0: NAME@58..61
                      0: IDENT@58..61 "Map" [] []
                    1: TYPE_ARGS@61..69
                      0: L_BRACK@61..62 "[" [] []
                      1: TYPE_ARG_LIST@62..68
                        0: INFER_TYPE@62..63
                          0: UNDERSCORE@62..63 "_" [] []
                        1: COMMA@63..65 "," [] [Whitespace(" ")]
                        2: PATH_TYPE@65..68
                          0: PATH@65..68
                            0: (empty)
                            1: PATH_SEGMENT@65..68
                              0: NAME@65..68
                                0: IDENT@65..68 "Int" [] []
                              1: (empty)
                      2: R_BRACK@68..69 "]" [] []
        2: R_PAREN@69..70 ")" [] []
      5: FUN_RETURN_TYPE_ANNOTATION@70..77
        0: COLON@70..72 ":" [] [Whitespace(" ")]
        1: PATH_TYPE@72..77
          0: PATH@72..77
            0: (empty)
            1: PATH_SEGMENT@72..77
              0: NAME@72..77
                0: IDENT@72..77 "Unit" [] [Whitespace(" ")]
              1: (empty)
      6: FUN_BODY@77..88
        0: EQ@77..78 "=" [] []
        1: PATH_EXPR@78..88
          0: PATH@78..88
            0: (empty)
            1: PATH_SEGMENT@78..88
              0: NAME@78..88
                0: IDENT@78..88 "value" [Newline("\n"), Whitespace("    ")] []
              1: (empty)
  3: EOF@88..89 "" [Newline("\n")] []

```

## Diagnostics

No diagnostics.
