---
source: crates/mlkc-parser/tests/spec_test.rs
expression: snapshot
---
## Input

```mlk
// Strings hold escapes: a backslash escapes whatever follows it, so the literal ends at the
// quote that is not escaped, and what the backslash stands for is part of the text.

fun strings(): String =
    "a \"quote\", a \\ backslash, and a line break \n"

fun a_tab_and_a_nul(): String =
    "a tab \t and a nul \0"

fun empty(): String =
    ""

fun escaped_quotes(): String =
    "\"\""

```

## AST

```
ModuleRoot {
    bom_token: missing (optional),
    preamble: missing (optional),
    items: ModuleItemList [
        FunDecl {
            attributes: AttributeList [],
            visibility_token: missing (optional),
            fun_token: FUN_KW@0..183 "fun" [Comments("// Strings hold escap ..."), Newline("\n"), Comments("// quote that is not  ..."), Newline("\n"), Newline("\n")] [Whitespace(" ")],
            name: Name {
                value_token: IDENT@183..190 "strings" [] [],
            },
            parameters: Parameters {
                l_paren_token: L_PAREN@190..191 "(" [] [],
                items: ParameterList [],
                r_paren_token: R_PAREN@191..192 ")" [] [],
            },
            return_type_annotation: FunReturnTypeAnnotation {
                colon_token: COLON@192..194 ":" [] [Whitespace(" ")],
                return_type: PathType {
                    path: Path {
                        qualifier: missing (optional),
                        segment: PathSegment {
                            root: Name {
                                value_token: IDENT@194..201 "String" [] [Whitespace(" ")],
                            },
                            type_args: missing (optional),
                        },
                    },
                },
            },
            body: FunBody {
                eq_token: EQ@201..202 "=" [] [],
                expr: StringLiteral {
                    value_token: STRING_LITERAL@202..257 "\"a \\\"quote\\\", a \\\\ backslash, and a line break \\n\"" [Newline("\n"), Whitespace("    ")] [],
                },
            },
        },
        FunDecl {
            attributes: AttributeList [],
            visibility_token: missing (optional),
            fun_token: FUN_KW@257..263 "fun" [Newline("\n"), Newline("\n")] [Whitespace(" ")],
            name: Name {
                value_token: IDENT@263..278 "a_tab_and_a_nul" [] [],
            },
            parameters: Parameters {
                l_paren_token: L_PAREN@278..279 "(" [] [],
                items: ParameterList [],
                r_paren_token: R_PAREN@279..280 ")" [] [],
            },
            return_type_annotation: FunReturnTypeAnnotation {
                colon_token: COLON@280..282 ":" [] [Whitespace(" ")],
                return_type: PathType {
                    path: Path {
                        qualifier: missing (optional),
                        segment: PathSegment {
                            root: Name {
                                value_token: IDENT@282..289 "String" [] [Whitespace(" ")],
                            },
                            type_args: missing (optional),
                        },
                    },
                },
            },
            body: FunBody {
                eq_token: EQ@289..290 "=" [] [],
                expr: StringLiteral {
                    value_token: STRING_LITERAL@290..318 "\"a tab \\t and a nul \\0\"" [Newline("\n"), Whitespace("    ")] [],
                },
            },
        },
        FunDecl {
            attributes: AttributeList [],
            visibility_token: missing (optional),
            fun_token: FUN_KW@318..324 "fun" [Newline("\n"), Newline("\n")] [Whitespace(" ")],
            name: Name {
                value_token: IDENT@324..329 "empty" [] [],
            },
            parameters: Parameters {
                l_paren_token: L_PAREN@329..330 "(" [] [],
                items: ParameterList [],
                r_paren_token: R_PAREN@330..331 ")" [] [],
            },
            return_type_annotation: FunReturnTypeAnnotation {
                colon_token: COLON@331..333 ":" [] [Whitespace(" ")],
                return_type: PathType {
                    path: Path {
                        qualifier: missing (optional),
                        segment: PathSegment {
                            root: Name {
                                value_token: IDENT@333..340 "String" [] [Whitespace(" ")],
                            },
                            type_args: missing (optional),
                        },
                    },
                },
            },
            body: FunBody {
                eq_token: EQ@340..341 "=" [] [],
                expr: StringLiteral {
                    value_token: STRING_LITERAL@341..348 "\"\"" [Newline("\n"), Whitespace("    ")] [],
                },
            },
        },
        FunDecl {
            attributes: AttributeList [],
            visibility_token: missing (optional),
            fun_token: FUN_KW@348..354 "fun" [Newline("\n"), Newline("\n")] [Whitespace(" ")],
            name: Name {
                value_token: IDENT@354..368 "escaped_quotes" [] [],
            },
            parameters: Parameters {
                l_paren_token: L_PAREN@368..369 "(" [] [],
                items: ParameterList [],
                r_paren_token: R_PAREN@369..370 ")" [] [],
            },
            return_type_annotation: FunReturnTypeAnnotation {
                colon_token: COLON@370..372 ":" [] [Whitespace(" ")],
                return_type: PathType {
                    path: Path {
                        qualifier: missing (optional),
                        segment: PathSegment {
                            root: Name {
                                value_token: IDENT@372..379 "String" [] [Whitespace(" ")],
                            },
                            type_args: missing (optional),
                        },
                    },
                },
            },
            body: FunBody {
                eq_token: EQ@379..380 "=" [] [],
                expr: StringLiteral {
                    value_token: STRING_LITERAL@380..391 "\"\\\"\\\"\"" [Newline("\n"), Whitespace("    ")] [],
                },
            },
        },
    ],
    eof_token: EOF@391..392 "" [Newline("\n")] [],
}
```

## CST

```
0: MODULE_ROOT@0..392
  0: (empty)
  1: (empty)
  2: MODULE_ITEM_LIST@0..391
    0: FUN_DECL@0..257
      0: ATTRIBUTE_LIST@0..0
      1: (empty)
      2: FUN_KW@0..183 "fun" [Comments("// Strings hold escap ..."), Newline("\n"), Comments("// quote that is not  ..."), Newline("\n"), Newline("\n")] [Whitespace(" ")]
      3: NAME@183..190
        0: IDENT@183..190 "strings" [] []
      4: PARAMETERS@190..192
        0: L_PAREN@190..191 "(" [] []
        1: PARAMETER_LIST@191..191
        2: R_PAREN@191..192 ")" [] []
      5: FUN_RETURN_TYPE_ANNOTATION@192..201
        0: COLON@192..194 ":" [] [Whitespace(" ")]
        1: PATH_TYPE@194..201
          0: PATH@194..201
            0: (empty)
            1: PATH_SEGMENT@194..201
              0: NAME@194..201
                0: IDENT@194..201 "String" [] [Whitespace(" ")]
              1: (empty)
      6: FUN_BODY@201..257
        0: EQ@201..202 "=" [] []
        1: STRING_LITERAL@202..257
          0: STRING_LITERAL@202..257 "\"a \\\"quote\\\", a \\\\ backslash, and a line break \\n\"" [Newline("\n"), Whitespace("    ")] []
    1: FUN_DECL@257..318
      0: ATTRIBUTE_LIST@257..257
      1: (empty)
      2: FUN_KW@257..263 "fun" [Newline("\n"), Newline("\n")] [Whitespace(" ")]
      3: NAME@263..278
        0: IDENT@263..278 "a_tab_and_a_nul" [] []
      4: PARAMETERS@278..280
        0: L_PAREN@278..279 "(" [] []
        1: PARAMETER_LIST@279..279
        2: R_PAREN@279..280 ")" [] []
      5: FUN_RETURN_TYPE_ANNOTATION@280..289
        0: COLON@280..282 ":" [] [Whitespace(" ")]
        1: PATH_TYPE@282..289
          0: PATH@282..289
            0: (empty)
            1: PATH_SEGMENT@282..289
              0: NAME@282..289
                0: IDENT@282..289 "String" [] [Whitespace(" ")]
              1: (empty)
      6: FUN_BODY@289..318
        0: EQ@289..290 "=" [] []
        1: STRING_LITERAL@290..318
          0: STRING_LITERAL@290..318 "\"a tab \\t and a nul \\0\"" [Newline("\n"), Whitespace("    ")] []
    2: FUN_DECL@318..348
      0: ATTRIBUTE_LIST@318..318
      1: (empty)
      2: FUN_KW@318..324 "fun" [Newline("\n"), Newline("\n")] [Whitespace(" ")]
      3: NAME@324..329
        0: IDENT@324..329 "empty" [] []
      4: PARAMETERS@329..331
        0: L_PAREN@329..330 "(" [] []
        1: PARAMETER_LIST@330..330
        2: R_PAREN@330..331 ")" [] []
      5: FUN_RETURN_TYPE_ANNOTATION@331..340
        0: COLON@331..333 ":" [] [Whitespace(" ")]
        1: PATH_TYPE@333..340
          0: PATH@333..340
            0: (empty)
            1: PATH_SEGMENT@333..340
              0: NAME@333..340
                0: IDENT@333..340 "String" [] [Whitespace(" ")]
              1: (empty)
      6: FUN_BODY@340..348
        0: EQ@340..341 "=" [] []
        1: STRING_LITERAL@341..348
          0: STRING_LITERAL@341..348 "\"\"" [Newline("\n"), Whitespace("    ")] []
    3: FUN_DECL@348..391
      0: ATTRIBUTE_LIST@348..348
      1: (empty)
      2: FUN_KW@348..354 "fun" [Newline("\n"), Newline("\n")] [Whitespace(" ")]
      3: NAME@354..368
        0: IDENT@354..368 "escaped_quotes" [] []
      4: PARAMETERS@368..370
        0: L_PAREN@368..369 "(" [] []
        1: PARAMETER_LIST@369..369
        2: R_PAREN@369..370 ")" [] []
      5: FUN_RETURN_TYPE_ANNOTATION@370..379
        0: COLON@370..372 ":" [] [Whitespace(" ")]
        1: PATH_TYPE@372..379
          0: PATH@372..379
            0: (empty)
            1: PATH_SEGMENT@372..379
              0: NAME@372..379
                0: IDENT@372..379 "String" [] [Whitespace(" ")]
              1: (empty)
      6: FUN_BODY@379..391
        0: EQ@379..380 "=" [] []
        1: STRING_LITERAL@380..391
          0: STRING_LITERAL@380..391 "\"\\\"\\\"\"" [Newline("\n"), Whitespace("    ")] []
  3: EOF@391..392 "" [Newline("\n")] []

```

## Diagnostics

No diagnostics.
