---
source: crates/mlkc-lower/tests/spec_test.rs
expression: snapshot
---
## Input

```mlk
// A path of the project carrying a type argument: what a module is named by and what an
// import names is a path of names, and an argument written at a segment is a type.

module my-proj.main[Int]

use std.core.Map[Int, String]

fun main(): Int =
    1

```

## Item Tree

```
MODULE #0 my-proj.main

ITEM TREE
  use Map  @2.0
    path: std.core.Map
    visibility: private
  fun main  @2.1
    visibility: private
    ret: Int -> unresolved
```

## Bodies

```
BODY fun main in module #0

root expr#0
exprs
  expr#0  literal 1
```

## Lowering Diagnostics

193..198: `my-proj.main` is not a path of names: the type argument at one of its segments belongs to a type, and not to a path of the project
216..229: `std.core.Map` is not a path of names: the type argument at one of its segments belongs to a type, and not to a path of the project

## Parse Diagnostics

No diagnostics.
