---
source: crates/mlkc-lower/tests/spec_test.rs
expression: snapshot
---
## Input

```mlk
// The same attribute written twice on one declaration: an attribute is what a declaration
// says about itself, and what it says is what its first writing says.

@builtin
@builtin
type Int

@extern
@extern
fun open(): Int

```

## Item Tree

```
MODULE #0

ITEM TREE
  type Int  @2.0
    attributes: @builtin
    visibility: private
  fun open  @2.1
    attributes: @extern
    visibility: private
    ret: Int -> type Int
  use Int  prelude
    path: std.prelude.Int
    visibility: private
  use Unit  prelude
    path: std.prelude.Unit
    visibility: private
```

## Bodies

No bodies.

## Lowering Diagnostics

172..180: the attribute `@builtin` is written more than once on one declaration
199..206: the attribute `@extern` is written more than once on one declaration

## Parse Diagnostics

No diagnostics.
