---
source: crates/mlkc-lower/tests/spec_test.rs
expression: snapshot
---
## Input

```mlk
// A call that is never closed: the argument before the mistake is read, and the call is a
// call of what the parser could read of it.

fun main(): Int =
    f(1, 2

```

## Item Tree

```
MODULE #0

ITEM TREE
  fun main  @2.0
    visibility: private
    ret: Int -> use Int
  use Int  prelude
    path: std.prelude.Int
    visibility: private
  use Unit  prelude
    path: std.prelude.Unit
    visibility: private
```

## Bodies

```
BODY fun main in module #0

root expr#3
exprs
  expr#0  path path#0
  expr#1  literal 1
  expr#2  literal 2
  expr#3  call expr#0 (expr#1, expr#2)
paths
  path#0  f -> unresolved
```

## Lowering Diagnostics

No diagnostics.

## Parse Diagnostics

166..166: expected `)` but instead the file ends
