---
source: crates/mlkc-lower/tests/spec_test.rs
expression: snapshot
---
## Input

```mlk
// A module that refuses the prelude of its project: what it does not declare itself is a name
// nothing knows --- neither an entity of the module, nor an import of it, nor the name of a
// project --- and the module itself is where a reader is told about it.

#[no-prelude]
module project::main-module

fun main(): Int =
    1

```

## Item Tree

```
MODULE #0 project::main-module  #[no-prelude]

ITEM TREE
  fun main  @2.0
    visibility: private
    ret: Int -> unresolved
```

## Bodies

```
BODY fun main in module #0

root expr#0
exprs
  expr#0  literal 1
```

## Lowering Diagnostics

317..320: the name `Int` is not a name of this module, and names no project

## Parse Diagnostics

No diagnostics.
