---
source: crates/mlkc-driver/tests/project_spec.rs
expression: snapshot
---
## `project::main`

### Item Tree

```
MODULE #3 project::main

ITEM TREE
  fun pick  @2.0
    visibility: private
    param: Bool -> use Bool
    ret: Int -> use Int
  fun ordered  @2.1
    visibility: private
    param: Bool -> use Bool
    param: Bool -> use Bool
    ret: Int -> use Int
  fun where_a_value_belongs  @2.2
    visibility: private
    param: Bool -> use Bool
    ret: Int -> use Int
  fun through_a_let  @2.3
    visibility: private
    param: Bool -> use Bool
    ret: Int -> use Int
  fun log  @2.4
    visibility: private
    param: Bool -> use Bool
    ret: Unit -> use Unit
  fun log_ordered  @2.5
    visibility: private
    param: Bool -> use Bool
    param: Bool -> use Bool
    ret: Unit -> use Unit
  use Int  prelude
    path: std::prelude::Int
    visibility: private
  use Unit  prelude
    path: std::prelude::Unit
    visibility: private
  use String  prelude
    path: std::prelude::String
    visibility: private
  use Bool  prelude
    path: std::prelude::Bool
    visibility: private
  use print-int  prelude
    path: std::prelude::print-int
    visibility: private
  use print-bool  prelude
    path: std::prelude::print-bool
    visibility: private
```

### Bodies

`fun pick`

```
BODY fun pick in module #3

root expr#3
params
  pat#0
exprs
  expr#0  path path#0
  expr#1  literal 1
  expr#2  literal 2
  expr#3  if expr#0 then expr#1 else expr#2
pats
  pat#0  bind flag
paths
  path#0  flag -> binding pat#0
```

`fun ordered`

```
BODY fun ordered in module #3

root expr#5
params
  pat#0
  pat#1
exprs
  expr#0  path path#0
  expr#1  literal 1
  expr#2  path path#1
  expr#3  literal 2
  expr#4  literal 3
  expr#5  if expr#0 then expr#1 elif expr#2 then expr#3 else expr#4
pats
  pat#0  bind low
  pat#1  bind high
paths
  path#0  low -> binding pat#0
  path#1  high -> binding pat#1
```

`fun where_a_value_belongs`

```
BODY fun where_a_value_belongs in module #3

root expr#5
params
  pat#0
exprs
  expr#0  path path#0
  expr#1  literal 1
  expr#2  literal 2
  expr#3  if expr#0 then expr#1 else expr#2
  expr#4  literal 3
  expr#5  binary expr#3 + expr#4
pats
  pat#0  bind flag
paths
  path#0  flag -> binding pat#0
```

`fun through_a_let`

```
BODY fun through_a_let in module #3

root expr#7
params
  pat#0
exprs
  expr#0  path path#0
  expr#1  literal 1
  expr#2  literal 2
  expr#3  if expr#0 then expr#1 else expr#2
  expr#4  path path#1
  expr#5  literal 3
  expr#6  binary expr#4 + expr#5
  expr#7  let pat#1 = expr#3 in expr#6
pats
  pat#0  bind flag
  pat#1  bind carried
paths
  path#0  flag -> binding pat#0
  path#1  carried -> binding pat#1
```

`fun log`

```
BODY fun log in module #3

root expr#4
params
  pat#0
exprs
  expr#0  path path#0
  expr#1  path path#1
  expr#2  path path#0
  expr#3  call expr#1 (expr#2)
  expr#4  if expr#0 then expr#3
pats
  pat#0  bind flag
paths
  path#0  flag -> binding pat#0
  path#1  log -> fun log
```

`fun log_ordered`

```
BODY fun log_ordered in module #3

root expr#8
params
  pat#0
  pat#1
exprs
  expr#0  path path#0
  expr#1  path path#1
  expr#2  path path#0
  expr#3  call expr#1 (expr#2)
  expr#4  path path#2
  expr#5  path path#1
  expr#6  path path#2
  expr#7  call expr#5 (expr#6)
  expr#8  if expr#0 then expr#3 elif expr#4 then expr#7
pats
  pat#0  bind low
  pat#1  bind high
paths
  path#0  low -> binding pat#0
  path#1  log -> fun log
  path#2  high -> binding pat#1
```

### Resolution

```
SCOPE
  pick
    value: fun pick in module #3 (private)
  ordered
    value: fun ordered in module #3 (private)
  where_a_value_belongs
    value: fun where_a_value_belongs in module #3 (private)
  through_a_let
    value: fun through_a_let in module #3 (private)
  log
    value: fun log in module #3 (private)
  log_ordered
    value: fun log_ordered in module #3 (private)
  Int
    ty: type Int in module #0 (private)
  Unit
    ty: type Unit in module #0 (private)
  String
    ty: type String in module #0 (private)
  Bool
    ty: type Bool in module #0 (private)
  print-int
    value: fun print-int in module #2 (private)
  print-bool
    value: fun print-bool in module #2 (private)
```

### Type Surface

```
MODULE TYPES
  fun pick: (Bool) -> Int
  fun ordered: (Bool, Bool) -> Int
  fun where_a_value_belongs: (Bool) -> Int
  fun through_a_let: (Bool) -> Int
  fun log: (Bool) -> Unit
  fun log_ordered: (Bool, Bool) -> Unit
```

### Checked Bodies

`fun pick`

```
CHECKED BODY
  expr #0: Bool
  expr #1: Int
  expr #2: Int
  expr #3: Int
  pat #0: Bool
```

`fun ordered`

```
CHECKED BODY
  expr #0: Bool
  expr #1: Int
  expr #2: Bool
  expr #3: Int
  expr #4: Int
  expr #5: Int
  pat #0: Bool
  pat #1: Bool
```

`fun where_a_value_belongs`

```
CHECKED BODY
  expr #0: Bool
  expr #1: Int
  expr #2: Int
  expr #3: Int
  expr #4: Int
  expr #5: Int
  pat #0: Bool
```

`fun through_a_let`

```
CHECKED BODY
  expr #0: Bool
  expr #1: Int
  expr #2: Int
  expr #3: Int
  expr #4: Int
  expr #5: Int
  expr #6: Int
  expr #7: Int
  pat #0: Bool
  pat #1: Int
```

`fun log`

```
CHECKED BODY
  expr #0: Bool
  expr #1: (Bool) -> Unit
  expr #2: Bool
  expr #3: Unit
  expr #4: Unit
  pat #0: Bool
```

`fun log_ordered`

```
CHECKED BODY
  expr #0: Bool
  expr #1: (Bool) -> Unit
  expr #2: Bool
  expr #3: Unit
  expr #4: Bool
  expr #5: (Bool) -> Unit
  expr #6: Bool
  expr #7: Unit
  expr #8: Unit
  pat #0: Bool
  pat #1: Bool
```

### MIR

`fun pick`

CFG form:

```
fun pick (entry b0)
  params: v0: Bool
  b0:
    l0(flag) = use v0
    l2 = use l0
    branch l2 -> b1, b2
  b1:
    l3 = const 1
    l1 = use l3
    goto b3
  b2:
    l4 = const 2
    l1 = use l4
    goto b3
  b3:
    return l1
```

SSA form:

```
fun pick (entry b0)
  params: v0: Bool
  b0:
    v1 = use v0
    v2 = use v1
    branch v2 -> b1, b2
  b1:
    v5 = const 1
    v6 = use v5
    goto b3(v6)
  b2:
    v3 = const 2
    v4 = use v3
    goto b3(v4)
  b3(v7):
    return v7
```

`fun ordered`

CFG form:

```
fun ordered (entry b0)
  params: v0: Bool, v1: Bool
  b0:
    l0(low) = use v0
    l1(high) = use v1
    l3 = use l0
    branch l3 -> b1, b2
  b1:
    l5 = const 1
    l2 = use l5
    goto b5
  b2:
    l4 = use l1
    branch l4 -> b3, b4
  b3:
    l6 = const 2
    l2 = use l6
    goto b5
  b4:
    l7 = const 3
    l2 = use l7
    goto b5
  b5:
    return l2
```

SSA form:

```
fun ordered (entry b0)
  params: v0: Bool, v1: Bool
  b0:
    v2 = use v0
    v3 = use v1
    v4 = use v2
    branch v4 -> b1, b2
  b1:
    v10 = const 1
    v11 = use v10
    goto b5(v11)
  b2:
    v5 = use v3
    branch v5 -> b3, b4
  b3:
    v8 = const 2
    v9 = use v8
    goto b5(v9)
  b4:
    v6 = const 3
    v7 = use v6
    goto b5(v7)
  b5(v12):
    return v12
```

`fun where_a_value_belongs`

CFG form:

```
fun where_a_value_belongs (entry b0)
  params: v0: Bool
  b0:
    l0(flag) = use v0
    l3 = use l0
    branch l3 -> b1, b2
  b1:
    l4 = const 1
    l2 = use l4
    goto b3
  b2:
    l5 = const 2
    l2 = use l5
    goto b3
  b3:
    l6 = const 3
    l1 = prim int-add(l2, l6)
    return l1
```

SSA form:

```
fun where_a_value_belongs (entry b0)
  params: v0: Bool
  b0:
    v1 = use v0
    v2 = use v1
    branch v2 -> b1, b2
  b1:
    v5 = const 1
    v6 = use v5
    goto b3(v6)
  b2:
    v3 = const 2
    v4 = use v3
    goto b3(v4)
  b3(v8):
    v7 = const 3
    v9 = prim int-add(v8, v7)
    return v9
```

`fun through_a_let`

CFG form:

```
fun through_a_let (entry b0)
  params: v0: Bool
  b0:
    l0(flag) = use v0
    l3 = use l0
    branch l3 -> b1, b2
  b1:
    l4 = const 1
    l2 = use l4
    goto b3
  b2:
    l5 = const 2
    l2 = use l5
    goto b3
  b3:
    l6(carried) = use l2
    l8 = use l6
    l9 = const 3
    l7 = prim int-add(l8, l9)
    l1 = use l7
    return l1
```

SSA form:

```
fun through_a_let (entry b0)
  params: v0: Bool
  b0:
    v1 = use v0
    v2 = use v1
    branch v2 -> b1, b2
  b1:
    v5 = const 1
    v6 = use v5
    goto b3(v6)
  b2:
    v3 = const 2
    v4 = use v3
    goto b3(v4)
  b3(v7):
    v8 = use v7
    v9 = use v8
    v10 = const 3
    v11 = prim int-add(v9, v10)
    v12 = use v11
    return v12
```

`fun log`

CFG form:

```
fun log (entry b0)
  params: v0: Bool
  b0:
    l0(flag) = use v0
    l2 = use l0
    branch l2 -> b1, b2
  b1:
    l4 = use l0
    l3 = call fun log(l4)
    l1 = use l3
    goto b3
  b2:
    l1 = const unit
    goto b3
  b3:
    return l1
```

SSA form:

```
fun log (entry b0)
  params: v0: Bool
  b0:
    v1 = use v0
    v2 = use v1
    branch v2 -> b1, b2
  b1:
    v4 = use v1
    v5 = call fun log(v4)
    v6 = use v5
    goto b3(v6)
  b2:
    v3 = const unit
    goto b3(v3)
  b3(v7):
    return v7
```

`fun log_ordered`

CFG form:

```
fun log_ordered (entry b0)
  params: v0: Bool, v1: Bool
  b0:
    l0(low) = use v0
    l1(high) = use v1
    l3 = use l0
    branch l3 -> b1, b2
  b1:
    l6 = use l0
    l5 = call fun log(l6)
    l2 = use l5
    goto b5
  b2:
    l4 = use l1
    branch l4 -> b3, b4
  b3:
    l8 = use l1
    l7 = call fun log(l8)
    l2 = use l7
    goto b5
  b4:
    l2 = const unit
    goto b5
  b5:
    return l2
```

SSA form:

```
fun log_ordered (entry b0)
  params: v0: Bool, v1: Bool
  b0:
    v2 = use v0
    v3 = use v1
    v4 = use v2
    branch v4 -> b1, b2
  b1:
    v10 = use v2
    v11 = call fun log(v10)
    v12 = use v11
    goto b5(v12)
  b2:
    v5 = use v3
    branch v5 -> b3, b4
  b3:
    v7 = use v3
    v8 = call fun log(v7)
    v9 = use v8
    goto b5(v9)
  b4:
    v6 = const unit
    goto b5(v6)
  b5(v13):
    return v13
```

### Diagnostics

No diagnostics.
