---
source: crates/mlkc-driver/tests/project_spec.rs
expression: snapshot
---
## `project::main`

### Item Tree

```
MODULE #3 project::main

ITEM TREE
  fun print  @2.0
    attributes: #[extern]
    visibility: private
    param: String -> use String
    ret: Unit -> use Unit
  fun signed  @2.1
    visibility: private
    ret: Int -> use Int
  fun ordered  @2.2
    visibility: private
    param: Int -> use Int
    param: Int -> use Int
    ret: Bool -> use Bool
  fun different  @2.3
    visibility: private
    param: Int -> use Int
    param: Int -> use Int
    ret: Bool -> use Bool
  fun text  @2.4
    visibility: private
    ret: String -> use String
  fun truth  @2.5
    visibility: private
    ret: Bool -> use Bool
  fun untruth  @2.6
    visibility: private
    ret: Bool -> use Bool
  fun both  @2.7
    visibility: private
    ret: Bool -> use Bool
  fun call  @2.8
    visibility: private
    ret: Unit -> use Unit
  fun bound  @2.9
    visibility: private
    ret: Int -> use Int
  use Int  prelude
    path: std::prelude::Int
    visibility: private
  use Unit  prelude
    path: std::prelude::Unit
    visibility: private
  use String  prelude
    path: std::prelude::String
    visibility: private
  use Bool  prelude
    path: std::prelude::Bool
    visibility: private
  use print-int  prelude
    path: std::prelude::print-int
    visibility: private
  use print-bool  prelude
    path: std::prelude::print-bool
    visibility: private
```

### Bodies

`fun signed`

```
BODY fun signed in module #3

root expr#10
exprs
  expr#0  literal 1
  expr#1  unary - expr#0
  expr#2  literal 2
  expr#3  unary + expr#2
  expr#4  literal 3
  expr#5  binary expr#3 * expr#4
  expr#6  binary expr#1 + expr#5
  expr#7  literal 4
  expr#8  literal 5
  expr#9  binary expr#7 / expr#8
  expr#10  binary expr#6 - expr#9
```

`fun ordered`

```
BODY fun ordered in module #3

root expr#14
params
  pat#0
  pat#1
exprs
  expr#0  path path#0
  expr#1  path path#1
  expr#2  binary expr#0 < expr#1
  expr#3  path path#0
  expr#4  path path#1
  expr#5  binary expr#3 <= expr#4
  expr#6  binary expr#2 && expr#5
  expr#7  path path#0
  expr#8  path path#1
  expr#9  binary expr#7 > expr#8
  expr#10  binary expr#6 || expr#9
  expr#11  path path#0
  expr#12  path path#1
  expr#13  binary expr#11 >= expr#12
  expr#14  binary expr#10 || expr#13
pats
  pat#0  bind left
  pat#1  bind right
paths
  path#0  left -> binding pat#0
  path#1  right -> binding pat#1
```

`fun different`

```
BODY fun different in module #3

root expr#2
params
  pat#0
  pat#1
exprs
  expr#0  path path#0
  expr#1  path path#1
  expr#2  binary expr#0 != expr#1
pats
  pat#0  bind left
  pat#1  bind right
paths
  path#0  left -> binding pat#0
  path#1  right -> binding pat#1
```

`fun text`

```
BODY fun text in module #3

root expr#0
exprs
  expr#0  literal "hello"
```

`fun truth`

```
BODY fun truth in module #3

root expr#0
exprs
  expr#0  literal true
```

`fun untruth`

```
BODY fun untruth in module #3

root expr#0
exprs
  expr#0  literal false
```

`fun both`

```
BODY fun both in module #3

root expr#2
exprs
  expr#0  literal true
  expr#1  literal false
  expr#2  binary expr#0 && expr#1
```

`fun call`

```
BODY fun call in module #3

root expr#2
exprs
  expr#0  path path#0
  expr#1  literal "hello"
  expr#2  call expr#0 (expr#1)
paths
  path#0  print -> fun print
```

`fun bound`

```
BODY fun bound in module #3

root expr#8
exprs
  expr#0  literal 2
  expr#1  literal 2
  expr#2  binary expr#0 * expr#1
  expr#3  path path#0
  expr#4  literal 1
  expr#5  binary expr#3 + expr#4
  expr#6  path path#1
  expr#7  let pat#1 = expr#5 in expr#6
  expr#8  let pat#0 = expr#2 in expr#7
pats
  pat#0  bind twice
  pat#1  bind sum
paths
  path#0  twice -> binding pat#0
  path#1  sum -> binding pat#1
```

### Resolution

```
SCOPE
  print
    value: fun print in module #3 (private)
  signed
    value: fun signed in module #3 (private)
  ordered
    value: fun ordered in module #3 (private)
  different
    value: fun different in module #3 (private)
  text
    value: fun text in module #3 (private)
  truth
    value: fun truth in module #3 (private)
  untruth
    value: fun untruth in module #3 (private)
  both
    value: fun both in module #3 (private)
  call
    value: fun call in module #3 (private)
  bound
    value: fun bound in module #3 (private)
  Int
    ty: type Int in module #0 (private)
  Unit
    ty: type Unit in module #0 (private)
  String
    ty: type String in module #0 (private)
  Bool
    ty: type Bool in module #0 (private)
  print-int
    value: fun print-int in module #2 (private)
  print-bool
    value: fun print-bool in module #2 (private)
```

### Type Surface

```
MODULE TYPES
  fun print: (String) -> Unit
  fun signed: () -> Int
  fun ordered: (Int, Int) -> Bool
  fun different: (Int, Int) -> Bool
  fun text: () -> String
  fun truth: () -> Bool
  fun untruth: () -> Bool
  fun both: () -> Bool
  fun call: () -> Unit
  fun bound: () -> Int
```

### Checked Bodies

`fun signed`

```
CHECKED BODY
  expr #0: Int
  expr #1: Int
  expr #2: Int
  expr #3: Int
  expr #4: Int
  expr #5: Int
  expr #6: Int
  expr #7: Int
  expr #8: Int
  expr #9: Int
  expr #10: Int
```

`fun ordered`

```
CHECKED BODY
  expr #0: Int
  expr #1: Int
  expr #2: Bool
  expr #3: Int
  expr #4: Int
  expr #5: Bool
  expr #6: Bool
  expr #7: Int
  expr #8: Int
  expr #9: Bool
  expr #10: Bool
  expr #11: Int
  expr #12: Int
  expr #13: Bool
  expr #14: Bool
  pat #0: Int
  pat #1: Int
```

`fun different`

```
CHECKED BODY
  expr #0: Int
  expr #1: Int
  expr #2: Bool
  pat #0: Int
  pat #1: Int
```

`fun text`

```
CHECKED BODY
  expr #0: String
```

`fun truth`

```
CHECKED BODY
  expr #0: Bool
```

`fun untruth`

```
CHECKED BODY
  expr #0: Bool
```

`fun both`

```
CHECKED BODY
  expr #0: Bool
  expr #1: Bool
  expr #2: Bool
```

`fun call`

```
CHECKED BODY
  expr #0: (String) -> Unit
  expr #1: String
  expr #2: Unit
```

`fun bound`

```
CHECKED BODY
  expr #0: Int
  expr #1: Int
  expr #2: Int
  expr #3: Int
  expr #4: Int
  expr #5: Int
  expr #6: Int
  expr #7: Int
  expr #8: Int
  pat #0: Int
  pat #1: Int
```

### MIR

`fun signed`

CFG form:

```
fun signed (entry b0)
  b0:
    l3 = const 1
    l2 = prim int-neg(l3)
    l6 = const 2
    l5 = use l6
    l7 = const 3
    l4 = prim int-mul(l5, l7)
    l1 = prim int-add(l2, l4)
    l9 = const 4
    l10 = const 5
    l8 = prim int-div(l9, l10)
    l0 = prim int-sub(l1, l8)
    return l0
```

SSA form:

```
fun signed (entry b0)
  b0:
    v0 = const 1
    v1 = prim int-neg(v0)
    v2 = const 2
    v3 = const 3
    v4 = prim int-mul(v2, v3)
    v5 = prim int-add(v1, v4)
    v6 = const 4
    v7 = const 5
    v8 = prim int-div(v6, v7)
    v9 = prim int-sub(v5, v8)
    return v9
```

LIR:

```
lir (entry b0) ret (ref i31)
  locals: 0: i32
  b0:
    v0 = i32.const 1
    v1 = i32.const 0
    v2 = i32.sub v1, v0
    v3 = i32.const 2
    v4 = i32.const 3
    v5 = i32.mul v3, v4
    v6(local 0) = i32.add v2, v5
    v7 = i32.const 4
    v8 = i32.const 5
    v9 = i32.div_s v7, v8
    v10 = i32.sub v6, v9
    v11 = ref.i31 v10
    return v11
```

Structure:

```
  leaf b0
  return v11
```

`fun ordered`

CFG form:

```
fun ordered (entry b0)
  params: v0: Int, v1: Int
  b0:
    l0(left) = use v0
    l1(right) = use v1
    l6 = use l0
    l7 = use l1
    l5 = prim int-lt(l6, l7)
    l9 = use l0
    l10 = use l1
    l8 = prim int-le(l9, l10)
    l4 = prim bool-and(l5, l8)
    l12 = use l0
    l13 = use l1
    l11 = prim int-gt(l12, l13)
    l3 = prim bool-or(l4, l11)
    l15 = use l0
    l16 = use l1
    l14 = prim int-ge(l15, l16)
    l2 = prim bool-or(l3, l14)
    return l2
```

SSA form:

```
fun ordered (entry b0)
  params: v0: Int, v1: Int
  b0:
    v2 = prim int-lt(v0, v1)
    v3 = prim int-le(v0, v1)
    v4 = prim bool-and(v2, v3)
    v5 = prim int-gt(v0, v1)
    v6 = prim bool-or(v4, v5)
    v7 = prim int-ge(v0, v1)
    v8 = prim bool-or(v6, v7)
    return v8
```

LIR:

```
lir (entry b0) ret (ref i31)
  params: v0: (ref i31), v1: (ref i31)
  locals: 
  b0:
    v2 = i31.get_s v0
    v3 = i31.get_s v1
    v4 = i32.lt_s v2, v3
    v5 = i31.get_s v0
    v6 = i31.get_s v1
    v7 = i32.le_s v5, v6
    v8 = i32.and v4, v7
    v9 = i31.get_s v0
    v10 = i31.get_s v1
    v11 = i32.gt_s v9, v10
    v12 = i32.or v8, v11
    v13 = i31.get_s v0
    v14 = i31.get_s v1
    v15 = i32.ge_s v13, v14
    v16 = i32.or v12, v15
    v17 = ref.i31 v16
    return v17
```

Structure:

```
  leaf b0
  return v17
```

`fun different`

CFG form:

```
fun different (entry b0)
  params: v0: Int, v1: Int
  b0:
    l0(left) = use v0
    l1(right) = use v1
    l3 = use l0
    l4 = use l1
    l2 = prim int-ne(l3, l4)
    return l2
```

SSA form:

```
fun different (entry b0)
  params: v0: Int, v1: Int
  b0:
    v2 = prim int-ne(v0, v1)
    return v2
```

LIR:

```
lir (entry b0) ret (ref i31)
  params: v0: (ref i31), v1: (ref i31)
  locals: 
  b0:
    v2 = i31.get_s v0
    v3 = i31.get_s v1
    v4 = i32.ne v2, v3
    v5 = ref.i31 v4
    return v5
```

Structure:

```
  leaf b0
  return v5
```

`fun text`

CFG form:

```
fun text (entry b0)
  b0:
    l0 = const "hello"
    return l0
```

SSA form:

```
fun text (entry b0)
  b0:
    v0 = const "hello"
    return v0
```

LIR:

```
lir (entry b0) ret eqref
  locals: 
  b0:
    v0 = str "hello"
    return v0
```

Structure:

```
  leaf b0
  return v0
```

`fun truth`

CFG form:

```
fun truth (entry b0)
  b0:
    l0 = const true
    return l0
```

SSA form:

```
fun truth (entry b0)
  b0:
    v0 = const true
    return v0
```

LIR:

```
lir (entry b0) ret (ref i31)
  locals: 
  b0:
    v0 = i32.const 1
    v1 = ref.i31 v0
    return v1
```

Structure:

```
  leaf b0
  return v1
```

`fun untruth`

CFG form:

```
fun untruth (entry b0)
  b0:
    l0 = const false
    return l0
```

SSA form:

```
fun untruth (entry b0)
  b0:
    v0 = const false
    return v0
```

LIR:

```
lir (entry b0) ret (ref i31)
  locals: 
  b0:
    v0 = i32.const 0
    v1 = ref.i31 v0
    return v1
```

Structure:

```
  leaf b0
  return v1
```

`fun both`

CFG form:

```
fun both (entry b0)
  b0:
    l1 = const true
    l2 = const false
    l0 = prim bool-and(l1, l2)
    return l0
```

SSA form:

```
fun both (entry b0)
  b0:
    v0 = const true
    v1 = const false
    v2 = prim bool-and(v0, v1)
    return v2
```

LIR:

```
lir (entry b0) ret (ref i31)
  locals: 
  b0:
    v0 = i32.const 1
    v1 = i32.const 0
    v2 = i32.and v0, v1
    v3 = ref.i31 v2
    return v3
```

Structure:

```
  leaf b0
  return v3
```

`fun call`

CFG form:

```
fun call (entry b0)
  b0:
    l1 = const "hello"
    l0 = call fun print(l1)
    return l0
```

SSA form:

```
fun call (entry b0)
  b0:
    v0 = const "hello"
    v1 = call fun print(v0)
    return v1
```

LIR:

```
lir (entry b0) ret (ref i31)
  locals: 
  b0:
    v0 = str "hello"
    v1 = call $0(v0)
    return v1
```

Structure:

```
  leaf b0
  return v1
```

`fun bound`

CFG form:

```
fun bound (entry b0)
  b0:
    l2 = const 2
    l3 = const 2
    l1 = prim int-mul(l2, l3)
    l4(twice) = use l1
    l7 = use l4
    l8 = const 1
    l6 = prim int-add(l7, l8)
    l9(sum) = use l6
    l10 = use l9
    l5 = use l10
    l0 = use l5
    return l0
```

SSA form:

```
fun bound (entry b0)
  b0:
    v0 = const 2
    v1 = const 2
    v2 = prim int-mul(v0, v1)
    v3 = const 1
    v4 = prim int-add(v2, v3)
    return v4
```

LIR:

```
lir (entry b0) ret (ref i31)
  locals: 
  b0:
    v0 = i32.const 2
    v1 = i32.const 2
    v2 = i32.mul v0, v1
    v3 = i32.const 1
    v4 = i32.add v2, v3
    v5 = ref.i31 v4
    return v5
```

Structure:

```
  leaf b0
  return v5
```

### Diagnostics

No diagnostics.
