---
source: crates/mlkc-driver/tests/project_spec.rs
expression: snapshot
---
## `project::main`

### Diagnostics

lowering[07]: `fun shown` is public and does not declare the type of its result, which a caller of it depends on  @123..123
typechecker[01]: `fun helper` does not declare the type of its result  @0..16 (the type of this result is not written)
  note: the first check does not infer the signature of a top-level function: every top-level declaration writes its types, and inference of them is deferred
typechecker[01]: `fun parameter` does not declare the type of its parameter #0  @18..55 (the type of this parameter is not written)
  note: the first check does not infer the signature of a top-level function: every top-level declaration writes its types, and inference of them is deferred
typechecker[01]: `fun inferred` does not declare the type of its parameter #0  @77..78 (the type of this parameter is not written)
  note: the first check does not infer the signature of a top-level function: every top-level declaration writes its types, and inference of them is deferred
