---
source: crates/mlkc-driver/tests/project_spec.rs
expression: snapshot
---
## `project::main`

### Item Tree

```
MODULE #2 project::main

ITEM TREE
  fun big  @2.0
    visibility: private
    ret: Int -> use Int
  use Int  prelude
    path: std::prelude::Int
    visibility: private
  use Unit  prelude
    path: std::prelude::Unit
    visibility: private
  use String  prelude
    path: std::prelude::String
    visibility: private
  use Bool  prelude
    path: std::prelude::Bool
    visibility: private
```

### Bodies

`fun big`

```
BODY fun big in module #2

root expr#0
exprs
  expr#0  literal 1099511627776
```

### Resolution

```
SCOPE
  big
    value: fun big in module #2 (private)
  Int
    ty: type Int in module #0 (private)
  Unit
    ty: type Unit in module #0 (private)
  String
    ty: type String in module #0 (private)
  Bool
    ty: type Bool in module #0 (private)
```

### Type Surface

```
MODULE TYPES
  fun big: () -> Int
```

### Checked Bodies

`fun big`

```
CHECKED BODY
  expr #0: Int
```

### MIR

`fun big`

CFG form:

```
fun big (entry b0)
  b0:
    l0 = const 0
    return l0
```

SSA form:

```
fun big (entry b0)
  b0:
    v0 = const 0
    return v0
```

### Diagnostics

mir[01]: the integer literal `1099511627776` is outside the 31-bit range of `Int`  @21..34
