---
source: crates/mlkc-driver/tests/project_spec.rs
expression: snapshot
---
## `project::main`

### Diagnostics

typechecker[04]: the name `Int` is applied to type arguments  @274..283 (a class takes no arguments)
  note: the language has no generics yet
typechecker[04]: the name `Int` is applied to type arguments  @286..295 (a class takes no arguments)
  note: the language has no generics yet
typechecker[09]: a value of type `Int` is where a value of type `Unit` belongs  @22..23 (expected `Unit`, found `Int`)
typechecker[09]: a value of type `String` is where a value of type `Int` belongs  @103..109 (expected `Int`, found `String`)
typechecker[07]: the function takes 1 argument, and the call passes 0 arguments  @141..146 (expected 1 argument, found 0 arguments)
typechecker[07]: the function takes 1 argument, and the call passes 2 arguments  @182..187 (expected 1 argument, found 2 arguments)
typechecker[06]: a value of type `Int` is called, and a function is what a call calls  @246..251 (`Int` is not a function)
typechecker[14]: the language has no equality for two values of `String` yet  @366..379 (this type has no equality yet)
  note: `Int` and `Bool` are the types with equality for now
typechecker[09]: a value of type `Int` is where a value of type `Bool` belongs  @432..437 (expected `Bool`, found `Int`)
typechecker[09]: a value of type `String` is where a value of type `Int` belongs  @515..521 (expected `Int`, found `String`)
typechecker[09]: a value of type `Int` is where a value of type `Unit` belongs  @584..585 (expected `Unit`, found `Int`)
