---
source: crates/mlkc-parser/tests/spec_test.rs
expression: snapshot
---
## Input

```mlk
fun main(): Unit = $ + 1

```

## AST

```
ModuleRoot {
    bom_token: missing (optional),
    items: ModuleItemList [
        FunDecl {
            attributes: AttributeList [],
            fun_token: FUN_KW@0..4 "fun" [] [Whitespace(" ")],
            name: Name {
                value_token: IDENT@4..8 "main" [] [],
            },
            parameters: Parameters {
                l_paren_token: L_PAREN@8..9 "(" [] [],
                items: ParameterList [],
                r_paren_token: R_PAREN@9..10 ")" [] [],
            },
            return_type_annotation: FunReturnTypeAnnotation {
                colon_token: COLON@10..12 ":" [] [Whitespace(" ")],
                return_type: PathType {
                    path: Path {
                        qualifier: missing (optional),
                        segment: PathSegment {
                            name: Name {
                                value_token: IDENT@12..17 "Unit" [] [Whitespace(" ")],
                            },
                            type_args: missing (optional),
                        },
                    },
                },
            },
            body: FunBody {
                eq_token: EQ@17..19 "=" [] [Whitespace(" ")],
                expr: missing (required),
            },
        },
        BogusDecl {
            items: [
                ERROR_TOKEN@19..21 "$" [] [Whitespace(" ")],
                PLUS@21..23 "+" [] [Whitespace(" ")],
                INT_LITERAL@23..24 "1" [] [],
            ],
        },
    ],
    eof_token: EOF@24..25 "" [Newline("\n")] [],
}
```

## CST

```
0: MODULE_ROOT@0..25
  0: (empty)
  1: MODULE_ITEM_LIST@0..24
    0: FUN_DECL@0..19
      0: ATTRIBUTE_LIST@0..0
      1: FUN_KW@0..4 "fun" [] [Whitespace(" ")]
      2: NAME@4..8
        0: IDENT@4..8 "main" [] []
      3: PARAMETERS@8..10
        0: L_PAREN@8..9 "(" [] []
        1: PARAMETER_LIST@9..9
        2: R_PAREN@9..10 ")" [] []
      4: FUN_RETURN_TYPE_ANNOTATION@10..17
        0: COLON@10..12 ":" [] [Whitespace(" ")]
        1: PATH_TYPE@12..17
          0: PATH@12..17
            0: (empty)
            1: PATH_SEGMENT@12..17
              0: NAME@12..17
                0: IDENT@12..17 "Unit" [] [Whitespace(" ")]
              1: (empty)
      5: FUN_BODY@17..19
        0: EQ@17..19 "=" [] [Whitespace(" ")]
        1: (empty)
    1: BOGUS_DECL@19..24
      0: ERROR_TOKEN@19..21 "$" [] [Whitespace(" ")]
      1: PLUS@21..23 "+" [] [Whitespace(" ")]
      2: INT_LITERAL@23..24 "1" [] []
  2: EOF@24..25 "" [Newline("\n")] []

```

## Diagnostics

19..20: unexpected character `$`
