---
source: crates/mlkc-parser/tests/spec_test.rs
expression: snapshot
---
## Input

```mlk
// A token that stands where a declaration belongs: it is kept as a bogus declaration,
// and the declaration after it is parsed as if it were not there --- `pub` included.

+

pub fun main(): Unit = 1

```

## AST

```
ModuleRoot {
    bom_token: missing (optional),
    preamble: missing (optional),
    items: ModuleItemList [
        BogusDecl {
            items: [
                PLUS@0..175 "+" [Comments("// A token that stand ..."), Newline("\n"), Comments("// and the declaratio ..."), Newline("\n"), Newline("\n")] [],
            ],
        },
        FunDecl {
            attributes: AttributeList [],
            visibility_token: PUB_KW@175..181 "pub" [Newline("\n"), Newline("\n")] [Whitespace(" ")],
            fun_token: FUN_KW@181..185 "fun" [] [Whitespace(" ")],
            name: Name {
                value_token: IDENT@185..189 "main" [] [],
            },
            parameters: Parameters {
                l_paren_token: L_PAREN@189..190 "(" [] [],
                items: ParameterList [],
                r_paren_token: R_PAREN@190..191 ")" [] [],
            },
            return_type_annotation: FunReturnTypeAnnotation {
                colon_token: COLON@191..193 ":" [] [Whitespace(" ")],
                return_type: PathType {
                    path: Path {
                        qualifier: missing (optional),
                        segment: PathSegment {
                            root: Name {
                                value_token: IDENT@193..198 "Unit" [] [Whitespace(" ")],
                            },
                            type_args: missing (optional),
                        },
                    },
                },
            },
            body: FunBody {
                eq_token: EQ@198..200 "=" [] [Whitespace(" ")],
                expr: IntLiteral {
                    value_token: INT_LITERAL@200..201 "1" [] [],
                },
            },
        },
    ],
    eof_token: EOF@201..202 "" [Newline("\n")] [],
}
```

## CST

```
0: MODULE_ROOT@0..202
  0: (empty)
  1: (empty)
  2: MODULE_ITEM_LIST@0..201
    0: BOGUS_DECL@0..175
      0: PLUS@0..175 "+" [Comments("// A token that stand ..."), Newline("\n"), Comments("// and the declaratio ..."), Newline("\n"), Newline("\n")] []
    1: FUN_DECL@175..201
      0: ATTRIBUTE_LIST@175..175
      1: PUB_KW@175..181 "pub" [Newline("\n"), Newline("\n")] [Whitespace(" ")]
      2: FUN_KW@181..185 "fun" [] [Whitespace(" ")]
      3: NAME@185..189
        0: IDENT@185..189 "main" [] []
      4: PARAMETERS@189..191
        0: L_PAREN@189..190 "(" [] []
        1: PARAMETER_LIST@190..190
        2: R_PAREN@190..191 ")" [] []
      5: FUN_RETURN_TYPE_ANNOTATION@191..198
        0: COLON@191..193 ":" [] [Whitespace(" ")]
        1: PATH_TYPE@193..198
          0: PATH@193..198
            0: (empty)
            1: PATH_SEGMENT@193..198
              0: NAME@193..198
                0: IDENT@193..198 "Unit" [] [Whitespace(" ")]
              1: (empty)
      6: FUN_BODY@198..201
        0: EQ@198..200 "=" [] [Whitespace(" ")]
        1: INT_LITERAL@200..201
          0: INT_LITERAL@200..201 "1" [] []
  3: EOF@201..202 "" [Newline("\n")] []

```

## Diagnostics

174..175: Expected a declaration but instead found '+'.
    Detail Some(174..175): Expected a declaration here.
